--- LoadPolicies at 2026-02-14T12:49:53Z ---
Total policies: 2
ID: 1, Name: Cencurity Code Analysis, Severity: CRITICAL, Pattern: a^
ID: 2, Name: Sensitive Data Detection, Severity: INFO, Pattern: (prod|credential|token|secret|password|privatekey|ssh)
--------------------------------
--- LoadPolicies at 2026-02-17T15:26:03Z ---
Total policies: 2
ID: 1, Name: Cencurity Code Analysis, Severity: CRITICAL, Pattern: a^
ID: 2, Name: Sensitive Data Detection, Severity: INFO, Pattern: (prod|credential|token|secret|password|privatekey|ssh)
--------------------------------
--- LoadPolicies at 2026-02-20T08:54:07Z ---
Total policies: 2
ID: 1, Name: Cencurity Code Analysis, Severity: CRITICAL, Pattern: a^
ID: 2, Name: Sensitive Data Detection, Severity: INFO, Pattern: (prod|credential|token|secret|password|privatekey|ssh)
--------------------------------
--- LoadPolicies at 2026-03-11T06:03:46Z ---
Total policies: 2
ID: 1, Name: Cencurity Code Analysis, Severity: CRITICAL, Pattern: a^
ID: 2, Name: Sensitive Data Detection, Severity: INFO, Pattern: (prod|credential|token|secret|password|privatekey|ssh)
--------------------------------
--- LoadPolicies at 2026-03-11T07:11:43Z ---
Total policies: 5
ID: 1, Name: Cencurity Code Analysis, Severity: CRITICAL, Pattern: a^
ID: 3, Name: Universal API Key Detection, Severity: CRITICAL, Pattern: sk_live_[0-9a-f]{64}
ID: 2, Name: Sensitive Data Detection, Severity: INFO, Pattern: (prod|credential|token|secret|password|privatekey|ssh)
ID: 4, Name: Email Masking, Severity: INFO, Pattern: [a-zA-Z0-9._%+-]+@[a-zA-Z0-9.-]+\\.[a-zA-Z]{2,}
ID: 5, Name: Phone Number Masking, Severity: INFO, Pattern: \\d{2,3}-\\d{3,4}-\\d{4}
--------------------------------
--- LoadPolicies at 2026-03-11T09:35:56Z ---
Total policies: 5
ID: 1, Name: Cencurity Code Analysis, Severity: CRITICAL, Pattern: a^
ID: 3, Name: Universal API Key Detection, Severity: CRITICAL, Pattern: sk_live_[0-9a-f]{64}
ID: 2, Name: Sensitive Data Detection, Severity: INFO, Pattern: (prod|credential|token|secret|password|privatekey|ssh)
ID: 4, Name: Email Masking, Severity: INFO, Pattern: [a-zA-Z0-9._%+-]+@[a-zA-Z0-9.-]+\\.[a-zA-Z]{2,}
ID: 5, Name: Phone Number Masking, Severity: INFO, Pattern: \\d{2,3}-\\d{3,4}-\\d{4}
--------------------------------
--- LoadPolicies at 2026-03-12T08:36:03Z ---
Total policies: 5
ID: 1, Name: Cencurity Code Analysis, Severity: CRITICAL, Pattern: a^
ID: 3, Name: Universal API Key Detection, Severity: CRITICAL, Pattern: sk_live_[0-9a-f]{64}
ID: 2, Name: Sensitive Data Detection, Severity: INFO, Pattern: (prod|credential|token|secret|password|privatekey|ssh)
ID: 4, Name: Email Masking, Severity: INFO, Pattern: [a-zA-Z0-9._%+-]+@[a-zA-Z0-9.-]+\\.[a-zA-Z]{2,}
ID: 5, Name: Phone Number Masking, Severity: INFO, Pattern: \\d{2,3}-\\d{3,4}-\\d{4}
--------------------------------
--- LoadPolicies at 2026-03-12T08:38:35Z ---
Total policies: 5
ID: 1, Name: Cencurity Code Analysis, Severity: CRITICAL, Pattern: a^
ID: 3, Name: Universal API Key Detection, Severity: CRITICAL, Pattern: sk_live_[0-9a-f]{64}
ID: 2, Name: Sensitive Data Detection, Severity: INFO, Pattern: (prod|credential|token|secret|password|privatekey|ssh)
ID: 4, Name: Email Masking, Severity: INFO, Pattern: [a-zA-Z0-9._%+-]+@[a-zA-Z0-9.-]+\\.[a-zA-Z]{2,}
ID: 5, Name: Phone Number Masking, Severity: INFO, Pattern: \\d{2,3}-\\d{3,4}-\\d{4}
--------------------------------
--- LoadPolicies at 2026-03-13T19:36:14Z ---
Total policies: 5
ID: 1, Name: Cencurity Code Analysis, Severity: CRITICAL, Pattern: a^
ID: 3, Name: Universal API Key Detection, Severity: CRITICAL, Pattern: sk_live_[0-9a-f]{64}
ID: 2, Name: Sensitive Data Detection, Severity: INFO, Pattern: (prod|credential|token|secret|password|privatekey|ssh)
ID: 4, Name: Email Masking, Severity: INFO, Pattern: [a-zA-Z0-9._%+-]+@[a-zA-Z0-9.-]+\\.[a-zA-Z]{2,}
ID: 5, Name: Phone Number Masking, Severity: INFO, Pattern: \\d{2,3}-\\d{3,4}-\\d{4}
--------------------------------
--- LoadPolicies at 2026-03-15T07:40:42Z ---
Total policies: 5
ID: 1, Name: Cencurity Code Analysis, Severity: CRITICAL, Pattern: a^
ID: 3, Name: Universal API Key Detection, Severity: CRITICAL, Pattern: sk_live_[0-9a-f]{64}
ID: 2, Name: Sensitive Data Detection, Severity: INFO, Pattern: (prod|credential|token|secret|password|privatekey|ssh)
ID: 4, Name: Email Masking, Severity: INFO, Pattern: [a-zA-Z0-9._%+-]+@[a-zA-Z0-9.-]+\\.[a-zA-Z]{2,}
ID: 5, Name: Phone Number Masking, Severity: INFO, Pattern: \\d{2,3}-\\d{3,4}-\\d{4}
--------------------------------
--- LoadPolicies at 2026-03-18T06:44:11Z ---
Total policies: 5
ID: 1, Name: Cencurity Code Analysis, Severity: CRITICAL, Pattern: a^
ID: 3, Name: Universal API Key Detection, Severity: CRITICAL, Pattern: sk_live_[0-9a-f]{64}
ID: 2, Name: Sensitive Data Detection, Severity: INFO, Pattern: (prod|credential|token|secret|password|privatekey|ssh)
ID: 4, Name: Email Masking, Severity: INFO, Pattern: [a-zA-Z0-9._%+-]+@[a-zA-Z0-9.-]+\\.[a-zA-Z]{2,}
ID: 5, Name: Phone Number Masking, Severity: INFO, Pattern: \\d{2,3}-\\d{3,4}-\\d{4}
--------------------------------
--- LoadPolicies at 2026-03-20T12:16:17Z ---
Total policies: 5
ID: 1, Name: Cencurity Code Analysis, Severity: CRITICAL, Pattern: a^
ID: 3, Name: Universal API Key Detection, Severity: CRITICAL, Pattern: sk_live_[0-9a-f]{64}
ID: 2, Name: Sensitive Data Detection, Severity: INFO, Pattern: (prod|credential|token|secret|password|privatekey|ssh)
ID: 4, Name: Email Masking, Severity: INFO, Pattern: [a-zA-Z0-9._%+-]+@[a-zA-Z0-9.-]+\\.[a-zA-Z]{2,}
ID: 5, Name: Phone Number Masking, Severity: INFO, Pattern: \\d{2,3}-\\d{3,4}-\\d{4}
--------------------------------
--- LoadPolicies at 2026-03-23T03:08:10Z ---
Total policies: 5
ID: 1, Name: Cencurity Code Analysis, Severity: CRITICAL, Pattern: a^
ID: 3, Name: Universal API Key Detection, Severity: CRITICAL, Pattern: sk_live_[0-9a-f]{64}
ID: 2, Name: Sensitive Data Detection, Severity: INFO, Pattern: (prod|credential|token|secret|password|privatekey|ssh)
ID: 4, Name: Email Masking, Severity: INFO, Pattern: [a-zA-Z0-9._%+-]+@[a-zA-Z0-9.-]+\\.[a-zA-Z]{2,}
ID: 5, Name: Phone Number Masking, Severity: INFO, Pattern: \\d{2,3}-\\d{3,4}-\\d{4}
--------------------------------
